// Jest Snapshot v1, https://goo.gl/fbAQLP

exports[`Pruebas en <HelloWorldApp/> Debe de hacer match con el snapshot 1`] = `
<div>
  <h1
    data-testid="test-title"
  >
    Hola soy goku
  </h1>
  <h2>
    Subtitulo default
  </h2>
  <h2>
    Subtitulo default
  </h2>
  <p>
    Nuevo Mensaje
  </p>
</div>
`;
